// Jest Snapshot v1, https://goo.gl/fbAQLP

exports[`StaffAccountAdd.vue renders correctly 1`] = `
<div>
  <cform-stub>
    <!---->
     
    <crow-stub
      gutters="true"
      tag="div"
    >
      <ccol-stub
        tag="div"
      >
        <cinput-stub
          label="First Name"
          lazy="400"
          placeholder="User first name"
          type="text"
          value=""
        />
      </ccol-stub>
       
      <ccol-stub
        tag="div"
      >
        <cinput-stub
          label="Last Name"
          lazy="400"
          placeholder="User last name"
          type="text"
          value=""
        />
      </ccol-stub>
    </crow-stub>
     
    <cinput-stub
      label="Email"
      lazy="400"
      placeholder="User email address"
      type="text"
      value=""
    />
     
    <cselect-stub
      id="role-select"
      label="Account Role"
      options="Management,Sales Rep,Sales Rep + Showroom,Sales Rep + Demoline,Sales Rep + Benefits,Reception"
      placeholder="Please select a role"
      value=""
    />
     
    <label
      class="mb-0"
    >
      Account permissions
    </label>
     
    <hr />
     
    <crow-stub
      gutters="true"
      tag="div"
    >
      <ccol-stub
        tag="div"
      >
        <crow-stub
          gutters="true"
          tag="div"
        >
          <ccol-stub
            tag="div"
          >
            <label>
              Add Dealerships
            </label>
          </ccol-stub>
           
          <ccol-stub
            class="d-flex justify-content-end"
            tag="div"
          >
            <cswitch-stub
              class="mr-1"
              color="success"
              id="Add Dealerships"
              shape="pill"
              type="checkbox"
            />
          </ccol-stub>
        </crow-stub>
        <crow-stub
          gutters="true"
          tag="div"
        >
          <ccol-stub
            tag="div"
          >
            <label>
              View Dealerships
            </label>
          </ccol-stub>
           
          <ccol-stub
            class="d-flex justify-content-end"
            tag="div"
          >
            <cswitch-stub
              class="mr-1"
              color="success"
              id="View Dealerships"
              shape="pill"
              type="checkbox"
            />
          </ccol-stub>
        </crow-stub>
        <crow-stub
          gutters="true"
          tag="div"
        >
          <ccol-stub
            tag="div"
          >
            <label>
              Edit Dealerships
            </label>
          </ccol-stub>
           
          <ccol-stub
            class="d-flex justify-content-end"
            tag="div"
          >
            <cswitch-stub
              class="mr-1"
              color="success"
              id="Edit Dealerships"
              shape="pill"
              type="checkbox"
            />
          </ccol-stub>
        </crow-stub>
        <crow-stub
          gutters="true"
          tag="div"
        >
          <ccol-stub
            tag="div"
          >
            <label>
              Delete Dealerships
            </label>
          </ccol-stub>
           
          <ccol-stub
            class="d-flex justify-content-end"
            tag="div"
          >
            <cswitch-stub
              class="mr-1"
              color="success"
              id="Delete Dealerships"
              shape="pill"
              type="checkbox"
            />
          </ccol-stub>
        </crow-stub>
        <crow-stub
          gutters="true"
          tag="div"
        >
          <ccol-stub
            tag="div"
          >
            <label>
              Add Staff Users
            </label>
          </ccol-stub>
           
          <ccol-stub
            class="d-flex justify-content-end"
            tag="div"
          >
            <cswitch-stub
              class="mr-1"
              color="success"
              id="Add Staff Users"
              shape="pill"
              type="checkbox"
            />
          </ccol-stub>
        </crow-stub>
        <crow-stub
          gutters="true"
          tag="div"
        >
          <ccol-stub
            tag="div"
          >
            <label>
              View Staff Users
            </label>
          </ccol-stub>
           
          <ccol-stub
            class="d-flex justify-content-end"
            tag="div"
          >
            <cswitch-stub
              class="mr-1"
              color="success"
              id="View Staff Users"
              shape="pill"
              type="checkbox"
            />
          </ccol-stub>
        </crow-stub>
        <crow-stub
          gutters="true"
          tag="div"
        >
          <ccol-stub
            tag="div"
          >
            <label>
              Edit Staff Users
            </label>
          </ccol-stub>
           
          <ccol-stub
            class="d-flex justify-content-end"
            tag="div"
          >
            <cswitch-stub
              class="mr-1"
              color="success"
              id="Edit Staff Users"
              shape="pill"
              type="checkbox"
            />
          </ccol-stub>
        </crow-stub>
        <crow-stub
          gutters="true"
          tag="div"
        >
          <ccol-stub
            tag="div"
          >
            <label>
              Delete Staff Users
            </label>
          </ccol-stub>
           
          <ccol-stub
            class="d-flex justify-content-end"
            tag="div"
          >
            <cswitch-stub
              class="mr-1"
              color="success"
              id="Delete Staff Users"
              shape="pill"
              type="checkbox"
            />
          </ccol-stub>
        </crow-stub>
        <crow-stub
          gutters="true"
          tag="div"
        >
          <ccol-stub
            tag="div"
          >
            <label>
              Add Vehicles
            </label>
          </ccol-stub>
           
          <ccol-stub
            class="d-flex justify-content-end"
            tag="div"
          >
            <cswitch-stub
              class="mr-1"
              color="success"
              id="Add Vehicles"
              shape="pill"
              type="checkbox"
            />
          </ccol-stub>
        </crow-stub>
      </ccol-stub>
       
      <ccol-stub
        tag="div"
      >
        <crow-stub
          gutters="true"
          tag="div"
        >
          <ccol-stub
            tag="div"
          >
            <label>
              View Vehicles
            </label>
          </ccol-stub>
           
          <ccol-stub
            class="d-flex justify-content-end"
            tag="div"
          >
            <cswitch-stub
              class="mr-1"
              color="success"
              id="View Vehicles"
              shape="pill"
              type="checkbox"
            />
          </ccol-stub>
        </crow-stub>
        <crow-stub
          gutters="true"
          tag="div"
        >
          <ccol-stub
            tag="div"
          >
            <label>
              Edit Vehicles
            </label>
          </ccol-stub>
           
          <ccol-stub
            class="d-flex justify-content-end"
            tag="div"
          >
            <cswitch-stub
              class="mr-1"
              color="success"
              id="Edit Vehicles"
              shape="pill"
              type="checkbox"
            />
          </ccol-stub>
        </crow-stub>
        <crow-stub
          gutters="true"
          tag="div"
        >
          <ccol-stub
            tag="div"
          >
            <label>
              Edit Vehicle Locations
            </label>
          </ccol-stub>
           
          <ccol-stub
            class="d-flex justify-content-end"
            tag="div"
          >
            <cswitch-stub
              class="mr-1"
              color="success"
              id="Edit Vehicle Locations"
              shape="pill"
              type="checkbox"
            />
          </ccol-stub>
        </crow-stub>
        <crow-stub
          gutters="true"
          tag="div"
        >
          <ccol-stub
            tag="div"
          >
            <label>
              Sell Vehicles
            </label>
          </ccol-stub>
           
          <ccol-stub
            class="d-flex justify-content-end"
            tag="div"
          >
            <cswitch-stub
              class="mr-1"
              color="success"
              id="Sell Vehicles"
              shape="pill"
              type="checkbox"
            />
          </ccol-stub>
        </crow-stub>
        <crow-stub
          gutters="true"
          tag="div"
        >
          <ccol-stub
            tag="div"
          >
            <label>
              Delete Vehicles
            </label>
          </ccol-stub>
           
          <ccol-stub
            class="d-flex justify-content-end"
            tag="div"
          >
            <cswitch-stub
              class="mr-1"
              color="success"
              id="Delete Vehicles"
              shape="pill"
              type="checkbox"
            />
          </ccol-stub>
        </crow-stub>
        <crow-stub
          gutters="true"
          tag="div"
        >
          <ccol-stub
            tag="div"
          >
            <label>
              Add Vehicle Properties
            </label>
          </ccol-stub>
           
          <ccol-stub
            class="d-flex justify-content-end"
            tag="div"
          >
            <cswitch-stub
              class="mr-1"
              color="success"
              id="Add Vehicle Properties"
              shape="pill"
              type="checkbox"
            />
          </ccol-stub>
        </crow-stub>
        <crow-stub
          gutters="true"
          tag="div"
        >
          <ccol-stub
            tag="div"
          >
            <label>
              Edit Vehicle Properties
            </label>
          </ccol-stub>
           
          <ccol-stub
            class="d-flex justify-content-end"
            tag="div"
          >
            <cswitch-stub
              class="mr-1"
              color="success"
              id="Edit Vehicle Properties"
              shape="pill"
              type="checkbox"
            />
          </ccol-stub>
        </crow-stub>
        <crow-stub
          gutters="true"
          tag="div"
        >
          <ccol-stub
            tag="div"
          >
            <label>
              View Vehicle Properties
            </label>
          </ccol-stub>
           
          <ccol-stub
            class="d-flex justify-content-end"
            tag="div"
          >
            <cswitch-stub
              class="mr-1"
              color="success"
              id="View Vehicle Properties"
              shape="pill"
              type="checkbox"
            />
          </ccol-stub>
        </crow-stub>
        <crow-stub
          gutters="true"
          tag="div"
        >
          <ccol-stub
            tag="div"
          >
            <label>
              Delete Vehicle Properties
            </label>
          </ccol-stub>
           
          <ccol-stub
            class="d-flex justify-content-end"
            tag="div"
          >
            <cswitch-stub
              class="mr-1"
              color="success"
              id="Delete Vehicle Properties"
              shape="pill"
              type="checkbox"
            />
          </ccol-stub>
        </crow-stub>
      </ccol-stub>
    </crow-stub>
     
    <hr />
     
    <crow-stub
      gutters="true"
      tag="div"
    >
      <ccol-stub
        tag="div"
      >
        <label>
          Account Password
        </label>
      </ccol-stub>
       
      <ccol-stub
        class="d-flex align-items-end flex-column"
        tag="div"
      >
        <p
          style="color: red;"
        >
          1Z8F5HSEAMNO
        </p>
      </ccol-stub>
    </crow-stub>
     
    <label>
      Take note of the password and pass on to staff member. User will be
      prompted to change password upon first login.
    </label>
     
    <crow-stub
      class="justify-content-center mt-2"
      gutters="true"
      tag="div"
    >
      <cbutton-stub
        activeclass="router-link-active"
        color="primary"
        event="click"
        exactactiveclass="router-link-exact-active"
        id="create-staff"
        routertag="a"
        target="_self"
        type="submit"
      >
        
        Create
      
      </cbutton-stub>
       
      <cbutton-stub
        activeclass="router-link-active"
        class="ml-1"
        color="secondary"
        event="click"
        exactactiveclass="router-link-exact-active"
        routertag="a"
        target="_self"
        type="button"
      >
        
        Cancel
      
      </cbutton-stub>
    </crow-stub>
  </cform-stub>
</div>
`;
