// Jest Snapshot v1, https://goo.gl/fbAQLP

exports[`VehicleHistory.vue renders correctly 1`] = `
<div>
  <h1>
    Vehicle History
  </h1>
</div>
`;
