// Jest Snapshot v1, https://goo.gl/fbAQLP

exports[`Login.vue renders correctly 1`] = `
<div
  class="c-app flex-row align-items-center"
>
  <ccontainer-stub
    tag="div"
  >
    <crow-stub
      class="justify-content-center"
      gutters="true"
      tag="div"
    >
      <ccol-stub
        md="8"
        tag="div"
      >
        <ccardgroup-stub
          tag="div"
        >
          <ccard-stub
            class="p-4"
          >
            <ccardbody-stub>
              <cform-stub>
                <h1>
                  Login
                </h1>
                 
                <p
                  class="text-muted"
                >
                  Sign In to your account
                </p>
                 
                <cinput-stub
                  autocomplete="username email"
                  id="email-txt-field"
                  lazy="400"
                  placeholder="Email"
                  type="text"
                  value=""
                />
                 
                <cinput-stub
                  autocomplete="curent-password"
                  id="password-txt-field"
                  lazy="400"
                  placeholder="Password"
                  type="password"
                  value=""
                />
                 
                <crow-stub
                  gutters="true"
                  tag="div"
                >
                  <ccol-stub
                    class="text-left"
                    col="6"
                    tag="div"
                  >
                    <cbutton-stub
                      activeclass="router-link-active"
                      class="px-4"
                      color="primary"
                      event="click"
                      exactactiveclass="router-link-exact-active"
                      id="login-btn"
                      routertag="a"
                      target="_self"
                      type="submit"
                    >
                      Login
                    </cbutton-stub>
                  </ccol-stub>
                   
                  <ccol-stub
                    class="text-right"
                    col="6"
                    tag="div"
                  >
                    <cbutton-stub
                      activeclass="router-link-active"
                      class="px-0"
                      color="link"
                      event="click"
                      exactactiveclass="router-link-exact-active"
                      id="forgot-pswrd-btn"
                      routertag="a"
                      target="_self"
                      type="button"
                    >
                      Forgot password?
                    </cbutton-stub>
                  </ccol-stub>
                </crow-stub>
                 
                <!---->
              </cform-stub>
            </ccardbody-stub>
          </ccard-stub>
           
          <ccard-stub
            bodywrapper="true"
            class="text-center py-5 d-md-down-none"
            color="primary"
            textcolor="white"
          >
            <ccardbody-stub>
              <h2>
                Sign up
              </h2>
               
              <p>
                Sign up for an admin account and start tracking your inventory today! Get three users FREE when signing up for one year.
              </p>
               
              <router-link
                to="/pages/register"
              >
                <cbutton-stub
                  activeclass="router-link-active"
                  color="light"
                  event="click"
                  exactactiveclass="router-link-exact-active"
                  routertag="a"
                  size="lg"
                  target="_self"
                  type="button"
                  variant="outline"
                >
                  
                  Register Now!
                
                </cbutton-stub>
              </router-link>
            </ccardbody-stub>
          </ccard-stub>
        </ccardgroup-stub>
      </ccol-stub>
    </crow-stub>
  </ccontainer-stub>
</div>
`;
