// Jest Snapshot v1, https://goo.gl/fbAQLP

exports[`VehiclePropertyCard.vue renders correctly 1`] = `
<ccard-stub>
  <ccardbody-stub
    class="p-3"
  >
    <view-property-stub />
     
    <!---->
  </ccardbody-stub>
</ccard-stub>
`;
